{"1":{"ping":null,"serverStatus":{"queue_size":0,"is_encoding":false,"queue_list":[],"msg":"There is no file on queue","encoding":false,"cmd":"","encoding_status":"","memory":{"title":"Total: 31.40GB | Free: 17.33GB | Used: 682.09MB","success":1,"output":["              total        used        free      shared  buff\/cache   available","Mem:       32930112      698456    18172712        6392    14058944    31756624","Swap:       1046520        2060     1044460"],"command":"free","memTotalBytes":33720434688,"memUsedBytes":715218944,"memFreeBytes":18608857088,"memTotal":"31.40GB","memUsed":"682.09MB","memFree":"17.33GB","percent":2},"file_upload_max_size":"1.00GB"}},"2":{"ping":null,"serverStatus":{"queue_size":0,"is_encoding":false,"queue_list":[],"msg":"There is no file on queue","encoding":false,"cmd":"","encoding_status":"","memory":{"title":"Total: 2.00GB | Free: 0 bytes | Used: 291.86MB","success":1,"output":["              total        used        free      shared  buff\/cache   available","Mem:        2097152      298868           0      390520     1798284     1579198","Swap:       1048576      745048      303528"],"command":"free","memTotalBytes":2147483648,"memUsedBytes":306040832,"memFreeBytes":0,"memTotal":"2.00GB","memUsed":"291.86MB","memFree":"0 bytes","percent":14},"file_upload_max_size":"1.00GB"}}}